Reusing configuration cache.
> Task :generateModMetadata UP-TO-DATE
> Task :processResources UP-TO-DATE
> Task :createMinecraftArtifacts UP-TO-DATE

> Task :compileJava
.\gradlew.bat : C:\User
s\tillf\Documents\test\
NeoForge-Alpha\src\main
\java\com\peaceman\alph
a\network\ShipCommandPa
yload.java:88: Fehler: 
Methode 
moveShipInstance in 
Klasse 
SpaceshipManager kann 
nicht auf die 
angegebenen Typen 
angewendet werden.
In Zeile:1 Zeichen:1
+ .\gradlew.bat 
classes > 
build_errors.txt 2>&1
+ ~~~~~~~~~~~~~~~~~~~~~
~~~~~~~~~~~~~~~~~~~~~~~
~
    + CategoryInfo     
         : NotSpecifi  
  ed: (C:\Users\till   
 f\...ewendet werde    
n.:String) [], Rem    
oteException
    + FullyQualifiedEr 
   rorId : NativeComm  
  andError
 
                    com
.peaceman.alpha.ship.Sp
aceshipManager.moveShip
Instance(level, 
shipId, dx, dy, dz, 
player);
                       
                       
              ^
  Erforderlich: 
Level,UUID,int,int,int
  Ermittelt:    Level,U
UID,int,int,int,Player
  Grund: Liste der 
tats├ñchlichen 
Argumente hat eine 
andere L├ñnge als die 
der formalen Argumente
C:\Users\tillf\Document
s\test\NeoForge-Alpha\s
rc\main\java\com\peacem
an\alpha\ship\Spaceship
Manager.java:341: 
Fehler: Methode 
moveShipInstance in 
Klasse 
SpaceshipManager kann 
nicht auf die 
angegebenen Typen 
angewendet werden.
            moveShipIns
tance(level, shipId, 
dx, dy, dz, player);
            ^
  Erforderlich: 
Level,UUID,int,int,int
  Ermittelt:    Level,U
UID,int,int,int,Player
  Grund: Liste der 
tats├ñchlichen 
Argumente hat eine 
andere L├ñnge als die 
der formalen Argumente
2 Fehler

> Task :compileJava FAILED

[Incubating] Problems report is available at: file:///C:/Users/tillf/Documents/test/NeoForge-Alpha/build/reports/problems/problems-report.html

FAILURE: Build failed 
with an exception.

* What went wrong:
Execution failed for 
task ':compileJava'.
> Compilation failed; 
see the compiler 
output below.
  C:\Users\tillf\Docume
nts\test\NeoForge-Alpha
\src\main\java\com\peac
eman\alpha\network\Ship
CommandPayload.java:88:
 Fehler: Methode 
moveShipInstance in 
Klasse 
SpaceshipManager kann 
nicht auf die 
angegebenen Typen 
angewendet werden.
                      c
om.peaceman.alpha.ship.
SpaceshipManager.moveSh
ipInstance(level, 
shipId, dx, dy, dz, 
player);
                       
                       
                ^
    Erforderlich: 
Level,UUID,int,int,int
    Ermittelt:    Level
,UUID,int,int,int,Playe
r
    Grund: Liste der 
tats├ñchlichen 
Argumente hat eine 
andere L├ñnge als die 
der formalen Argumente
  C:\Users\tillf\Docume
nts\test\NeoForge-Alpha
\src\main\java\com\peac
eman\alpha\ship\Spacesh
ipManager.java:341: 
Fehler: Methode 
moveShipInstance in 
Klasse 
SpaceshipManager kann 
nicht auf die 
angegebenen Typen 
angewendet werden.
              moveShipI
nstance(level, shipId, 
dx, dy, dz, player);
              ^
    Erforderlich: 
Level,UUID,int,int,int
    Ermittelt:    Level
,UUID,int,int,int,Playe
r
    Grund: Liste der 
tats├ñchlichen 
Argumente hat eine 
andere L├ñnge als die 
der formalen Argumente
  2 Fehler

* Try:
> Check your code and 
dependencies to fix 
the compilation 
error(s)
> Run with --scan to 
generate a Build Scan 
(powered by 
Develocity).

BUILD FAILED in 4s
4 actionable tasks: 1 executed, 3 up-to-date
Configuration cache entry reused.
